[    0.000000] Linux version 4.15.0-197-generic (buildd@lcy02-amd64-110) (gcc version 7.5.0 (Ubuntu 7.5.0-3ubuntu1~18.04)) #208-Ubuntu SMP Tue Nov 1 17:23:37 UTC 2022 (Ubuntu 4.15.0-197.208-generic 4.15.18)
[    0.000000] Command line: BOOT_IMAGE=/boot/vmlinuz-4.15.0-197-generic root=LABEL=cloudimg-rootfs ro console=tty1 console=ttyS0
[    0.000000] KERNEL supported cpus:
[    0.000000]   Intel GenuineIntel
[    0.000000]   AMD AuthenticAMD
[    0.000000]   Centaur CentaurHauls
[    0.000000] x86/fpu: Supporting XSAVE feature 0x001: 'x87 floating point registers'
[    0.000000] x86/fpu: Supporting XSAVE feature 0x002: 'SSE registers'
[    0.000000] x86/fpu: Supporting XSAVE feature 0x004: 'AVX registers'
[    0.000000] x86/fpu: xstate_offset[2]:  576, xstate_sizes[2]:  256
[    0.000000] x86/fpu: Enabled xstate features 0x7, context size is 832 bytes, using 'standard' format.
[    0.000000] e820: BIOS-provided physical RAM map:
[    0.000000] BIOS-e820: [mem 0x0000000000000000-0x000000000009fbff] usable
[    0.000000] BIOS-e820: [mem 0x000000000009fc00-0x000000000009ffff] reserved
[    0.000000] BIOS-e820: [mem 0x00000000000f0000-0x00000000000fffff] reserved
[    0.000000] BIOS-e820: [mem 0x0000000000100000-0x000000003ffeffff] usable
[    0.000000] BIOS-e820: [mem 0x000000003fff0000-0x000000003fffffff] ACPI data
[    0.000000] BIOS-e820: [mem 0x00000000fec00000-0x00000000fec00fff] reserved
[    0.000000] BIOS-e820: [mem 0x00000000fee00000-0x00000000fee00fff] reserved
[    0.000000] BIOS-e820: [mem 0x00000000fffc0000-0x00000000ffffffff] reserved
[    0.000000] NX (Execute Disable) protection: active
[    0.000000] SMBIOS 2.5 present.
[    0.000000] DMI: innotek GmbH VirtualBox/VirtualBox, BIOS VirtualBox 12/01/2006
[    0.000000] Hypervisor detected: KVM
[    0.000000] e820: last_pfn = 0x3fff0 max_arch_pfn = 0x400000000
[    0.000000] MTRR: Disabled
[    0.000000] x86/PAT: MTRRs disabled, skipping PAT initialization too.
[    0.000000] CPU MTRRs all blank - virtualized system.
[    0.000000] x86/PAT: Configuration [0-7]: WB  WT  UC- UC  WB  WT  UC- UC  
[    0.000000] found SMP MP-table at [mem 0x0009fff0-0x0009ffff]
[    0.000000] Scanning 1 areas for low memory corruption
[    0.000000] RAMDISK: [mem 0x359c9000-0x36cdbfff]
[    0.000000] ACPI: Early table checksum verification disabled
[    0.000000] ACPI: RSDP 0x00000000000E0000 000024 (v02 VBOX  )
[    0.000000] ACPI: XSDT 0x000000003FFF0030 00003C (v01 VBOX   VBOXXSDT 00000001 ASL  00000061)
[    0.000000] ACPI: FACP 0x000000003FFF00F0 0000F4 (v04 VBOX   VBOXFACP 00000001 ASL  00000061)
[    0.000000] ACPI: DSDT 0x000000003FFF0470 002325 (v02 VBOX   VBOXBIOS 00000002 INTL 20100528)
[    0.000000] ACPI: FACS 0x000000003FFF0200 000040
[    0.000000] ACPI: FACS 0x000000003FFF0200 000040
[    0.000000] ACPI: APIC 0x000000003FFF0240 00005C (v02 VBOX   VBOXAPIC 00000001 ASL  00000061)
[    0.000000] ACPI: SSDT 0x000000003FFF02A0 0001CC (v01 VBOX   VBOXCPUT 00000002 INTL 20100528)
[    0.000000] ACPI: Reserving FACP table memory at [mem 0x3fff00f0-0x3fff01e3]
[    0.000000] ACPI: Reserving DSDT table memory at [mem 0x3fff0470-0x3fff2794]
[    0.000000] ACPI: Reserving FACS table memory at [mem 0x3fff0200-0x3fff023f]
[    0.000000] ACPI: Reserving FACS table memory at [mem 0x3fff0200-0x3fff023f]
[    0.000000] ACPI: Reserving APIC table memory at [mem 0x3fff0240-0x3fff029b]
[    0.000000] ACPI: Reserving SSDT table memory at [mem 0x3fff02a0-0x3fff046b]
[    0.000000] No NUMA configuration found
[    0.000000] Faking a node at [mem 0x0000000000000000-0x000000003ffeffff]
[    0.000000] NODE_DATA(0) allocated [mem 0x3ffc5000-0x3ffeffff]
[    0.000000] kvm-clock: cpu 0, msr 0:3ff44001, primary cpu clock
[    0.000000] kvm-clock: Using msrs 4b564d01 and 4b564d00
[    0.000000] kvm-clock: using sched offset of 7798573440 cycles
[    0.000000] clocksource: kvm-clock: mask: 0xffffffffffffffff max_cycles: 0x1cd42e4dffb, max_idle_ns: 881590591483 ns
[    0.000000] Zone ranges:
[    0.000000]   DMA      [mem 0x0000000000001000-0x0000000000ffffff]
[    0.000000]   DMA32    [mem 0x0000000001000000-0x000000003ffeffff]
[    0.000000]   Normal   empty
[    0.000000]   Device   empty
[    0.000000] Movable zone start for each node
[    0.000000] Early memory node ranges
[    0.000000]   node   0: [mem 0x0000000000001000-0x000000000009efff]
[    0.000000]   node   0: [mem 0x0000000000100000-0x000000003ffeffff]
[    0.000000] Reserved but unavailable: 104 pages
[    0.000000] Initmem setup node 0 [mem 0x0000000000001000-0x000000003ffeffff]
[    0.000000] ACPI: PM-Timer IO Port: 0x4008
[    0.000000] IOAPIC[0]: apic_id 2, version 32, address 0xfec00000, GSI 0-23
[    0.000000] ACPI: INT_SRC_OVR (bus 0 bus_irq 0 global_irq 2 dfl dfl)
[    0.000000] ACPI: INT_SRC_OVR (bus 0 bus_irq 9 global_irq 9 low level)
[    0.000000] Using ACPI (MADT) for SMP configuration information
[    0.000000] smpboot: Allowing 2 CPUs, 0 hotplug CPUs
[    0.000000] PM: Registered nosave memory: [mem 0x00000000-0x00000fff]
[    0.000000] PM: Registered nosave memory: [mem 0x0009f000-0x0009ffff]
[    0.000000] PM: Registered nosave memory: [mem 0x000a0000-0x000effff]
[    0.000000] PM: Registered nosave memory: [mem 0x000f0000-0x000fffff]
[    0.000000] e820: [mem 0x40000000-0xfebfffff] available for PCI devices
[    0.000000] Booting paravirtualized kernel on KVM
[    0.000000] clocksource: refined-jiffies: mask: 0xffffffff max_cycles: 0xffffffff, max_idle_ns: 7645519600211568 ns
[    0.000000] setup_percpu: NR_CPUS:8192 nr_cpumask_bits:2 nr_cpu_ids:2 nr_node_ids:1
[    0.000000] percpu: Embedded 50 pages/cpu s167936 r8192 d28672 u1048576
[    0.000000] PV qspinlock hash table entries: 256 (order: 0, 4096 bytes)
[    0.000000] Built 1 zonelists, mobility grouping on.  Total pages: 257913
[    0.000000] Policy zone: DMA32
[    0.000000] Kernel command line: BOOT_IMAGE=/boot/vmlinuz-4.15.0-197-generic root=LABEL=cloudimg-rootfs ro console=tty1 console=ttyS0
[    0.000000] Memory: 982648K/1048120K available (12300K kernel code, 2477K rwdata, 4320K rodata, 2472K init, 2720K bss, 65472K reserved, 0K cma-reserved)
[    0.000000] SLUB: HWalign=64, Order=0-3, MinObjects=0, CPUs=2, Nodes=1
[    0.000000] Kernel/User page tables isolation: enabled
[    0.000000] ftrace: allocating 39478 entries in 155 pages
[    0.004000] Hierarchical RCU implementation.
[    0.004000] 	RCU restricting CPUs from NR_CPUS=8192 to nr_cpu_ids=2.
[    0.004000] 	Tasks RCU enabled.
[    0.004000] RCU: Adjusting geometry for rcu_fanout_leaf=16, nr_cpu_ids=2
[    0.004000] NR_IRQS: 524544, nr_irqs: 440, preallocated irqs: 16
[    0.004000] random: crng init done
[    0.004000] Console: colour VGA+ 80x25
[    0.004000] console [tty1] enabled
[    0.004000] console [ttyS0] enabled
[    0.004000] ACPI: Core revision 20170831
[    0.004000] ACPI: 2 ACPI AML tables successfully acquired and loaded
[    0.004000] APIC: Switch to symmetric I/O mode setup
[    0.005377] x2apic enabled
[    0.008019] Switched APIC routing to physical x2apic.
[    0.016000] ..TIMER: vector=0x30 apic1=0 pin1=2 apic2=-1 pin2=-1
[    0.016011] tsc: Detected 1696.074 MHz processor
[    0.020027] Calibrating delay loop (skipped) preset value.. 3392.14 BogoMIPS (lpj=6784296)
[    0.024013] pid_max: default: 32768 minimum: 301
[    0.028171] Security Framework initialized
[    0.032009] Yama: becoming mindful.
[    0.036053] AppArmor: AppArmor initialized
[    0.040156] Dentry cache hash table entries: 131072 (order: 8, 1048576 bytes)
[    0.044199] Inode-cache hash table entries: 65536 (order: 7, 524288 bytes)
[    0.048050] Mount-cache hash table entries: 2048 (order: 2, 16384 bytes)
[    0.056022] Mountpoint-cache hash table entries: 2048 (order: 2, 16384 bytes)
[    0.061107] Last level iTLB entries: 4KB 1024, 2MB 1024, 4MB 1024
[    0.064017] Last level dTLB entries: 4KB 1024, 2MB 1024, 4MB 1024, 1GB 4
[    0.068013] Spectre V1 : Mitigation: usercopy/swapgs barriers and __user pointer sanitization
[    0.072017] Spectre V2 : Mitigation: Retpolines
[    0.076012] Spectre V2 : Spectre v2 / SpectreRSB mitigation: Filling RSB on context switch
[    0.080010] Speculative Store Bypass: Vulnerable
[    0.083106] MDS: Mitigation: Clear CPU buffers
[    0.084006] SRBDS: Unknown: Dependent on hypervisor status
[    0.088757] Freeing SMP alternatives memory: 36K
[    0.208982] smpboot: CPU0: Intel(R) Core(TM) i3-4005U CPU @ 1.70GHz (family: 0x6, model: 0x45, stepping: 0x1)
[    0.212261] Performance Events: unsupported p6 CPU model 69 no PMU driver, software events only.
[    0.216296] Hierarchical SRCU implementation.
[    0.221546] NMI watchdog: Perf event create on CPU 0 failed with -2
[    0.224008] NMI watchdog: Perf NMI watchdog permanently disabled
[    0.228351] smp: Bringing up secondary CPUs ...
[    0.232316] x86: Booting SMP configuration:
[    0.236014] .... node  #0, CPUs:      #1
[    0.004000] kvm-clock: cpu 1, msr 0:3ff44041, secondary cpu clock
[    0.248084] smp: Brought up 1 node, 2 CPUs
[    0.252014] smpboot: Max logical packages: 1
[    0.256015] smpboot: Total of 2 processors activated (6784.29 BogoMIPS)
[    0.260371] devtmpfs: initialized
[    0.264209] x86/mm: Memory block size: 128MB
[    0.268871] evm: security.selinux
[    0.272000] evm: security.SMACK64
[    0.272010] evm: security.SMACK64EXEC
[    0.275464] evm: security.SMACK64TRANSMUTE
[    0.276008] evm: security.SMACK64MMAP
[    0.280011] evm: security.apparmor
[    0.284006] evm: security.ima
[    0.288006] evm: security.capability
[    0.292373] clocksource: jiffies: mask: 0xffffffff max_cycles: 0xffffffff, max_idle_ns: 7645041785100000 ns
[    0.296038] futex hash table entries: 512 (order: 3, 32768 bytes)
[    0.300179] pinctrl core: initialized pinctrl subsystem
[    0.308425] RTC time:  5:06:56, date: 11/28/22
[    0.316505] NET: Registered protocol family 16
[    0.320493] audit: initializing netlink subsys (disabled)
[    0.324157] audit: type=2000 audit(1669612025.128:1): state=initialized audit_enabled=0 res=1
[    0.332017] cpuidle: using governor ladder
[    0.334907] cpuidle: using governor menu
[    0.336242] ACPI: bus type PCI registered
[    0.340007] acpiphp: ACPI Hot Plug PCI Controller Driver version: 0.5
[    0.344385] PCI: Using configuration type 1 for base access
[    0.356942] HugeTLB registered 2.00 MiB page size, pre-allocated 0 pages
[    0.360142] ACPI: Added _OSI(Module Device)
[    0.364027] ACPI: Added _OSI(Processor Device)
[    0.368018] ACPI: Added _OSI(3.0 _SCP Extensions)
[    0.372007] ACPI: Added _OSI(Processor Aggregator Device)
[    0.376017] ACPI: Added _OSI(Linux-Dell-Video)
[    0.380000] ACPI: Added _OSI(Linux-Lenovo-NV-HDMI-Audio)
[    0.380013] ACPI: Added _OSI(Linux-HPI-Hybrid-Graphics)
[    0.385011] ACPI: Executed 1 blocks of module-level executable AML code
[    0.414692] ACPI: Interpreter enabled
[    0.416203] ACPI: (supports S0 S5)
[    0.420013] ACPI: Using IOAPIC for interrupt routing
[    0.426013] PCI: Using host bridge windows from ACPI; if necessary, use "pci=nocrs" and report a bug
[    0.432454] ACPI: Enabled 2 GPEs in block 00 to 07
[    0.484028] ACPI: PCI Root Bridge [PCI0] (domain 0000 [bus 00-ff])
[    0.488029] acpi PNP0A03:00: _OSC: OS supports [ASPM ClockPM Segments MSI]
[    0.497530] acpi PNP0A03:00: _OSC: not requesting OS control; OS requires [ExtendedConfig ASPM ClockPM MSI]
[    0.500064] acpi PNP0A03:00: fail to add MMCONFIG information, can't access extended PCI configuration space under this bridge.
[    0.510221] PCI host bridge to bus 0000:00
[    0.512016] pci_bus 0000:00: root bus resource [io  0x0000-0x0cf7 window]
[    0.516017] pci_bus 0000:00: root bus resource [io  0x0d00-0xffff window]
[    0.520022] pci_bus 0000:00: root bus resource [mem 0x000a0000-0x000bffff window]
[    0.524022] pci_bus 0000:00: root bus resource [mem 0x40000000-0xfdffffff window]
[    0.528017] pci_bus 0000:00: root bus resource [bus 00-ff]
[    0.539822] pci 0000:00:01.1: legacy IDE quirk: reg 0x10: [io  0x01f0-0x01f7]
[    0.540009] pci 0000:00:01.1: legacy IDE quirk: reg 0x14: [io  0x03f6]
[    0.544009] pci 0000:00:01.1: legacy IDE quirk: reg 0x18: [io  0x0170-0x0177]
[    0.548015] pci 0000:00:01.1: legacy IDE quirk: reg 0x1c: [io  0x0376]
[    0.601005] pci 0000:00:07.0: quirk: [io  0x4000-0x403f] claimed by PIIX4 ACPI
[    0.604049] pci 0000:00:07.0: quirk: [io  0x4100-0x410f] claimed by PIIX4 SMB
[    0.628814] ACPI: PCI Interrupt Link [LNKA] (IRQs 5 9 10 *11)
[    0.633835] ACPI: PCI Interrupt Link [LNKB] (IRQs 5 9 *10 11)
[    0.636610] ACPI: PCI Interrupt Link [LNKC] (IRQs 5 *9 10 11)
[    0.640572] ACPI: PCI Interrupt Link [LNKD] (IRQs 5 9 10 *11)
[    0.645445] SCSI subsystem initialized
[    0.648119] pci 0000:00:02.0: vgaarb: setting as boot VGA device
[    0.651833] pci 0000:00:02.0: vgaarb: VGA device added: decodes=io+mem,owns=io+mem,locks=none
[    0.652014] pci 0000:00:02.0: vgaarb: bridge control possible
[    0.656006] vgaarb: loaded
[    0.660094] ACPI: bus type USB registered
[    0.662769] usbcore: registered new interface driver usbfs
[    0.664033] usbcore: registered new interface driver hub
[    0.668029] usbcore: registered new device driver usb
[    0.672154] EDAC MC: Ver: 3.0.0
[    0.676691] PCI: Using ACPI for IRQ routing
[    0.680847] NetLabel: Initializing
[    0.684006] NetLabel:  domain hash size = 128
[    0.686953] NetLabel:  protocols = UNLABELED CIPSOv4 CALIPSO
[    0.688053] NetLabel:  unlabeled traffic allowed by default
[    0.692129] clocksource: Switched to clocksource kvm-clock
[    0.776117] VFS: Disk quotas dquot_6.6.0
[    0.779186] VFS: Dquot-cache hash table entries: 512 (order 0, 4096 bytes)
[    0.784349] AppArmor: AppArmor Filesystem Enabled
[    0.787690] pnp: PnP ACPI init
[    0.795057] pnp: PnP ACPI: found 3 devices
[    0.812352] clocksource: acpi_pm: mask: 0xffffff max_cycles: 0xffffff, max_idle_ns: 2085701024 ns
[    0.818108] NET: Registered protocol family 2
[    0.820998] IP idents hash table entries: 16384 (order: 5, 131072 bytes)
[    0.833172] TCP established hash table entries: 8192 (order: 4, 65536 bytes)
[    0.838195] TCP bind hash table entries: 8192 (order: 5, 131072 bytes)
[    0.842835] TCP: Hash tables configured (established 8192 bind 8192)
[    0.847380] UDP hash table entries: 512 (order: 2, 16384 bytes)
[    0.851446] UDP-Lite hash table entries: 512 (order: 2, 16384 bytes)
[    0.855780] NET: Registered protocol family 1
[    0.858967] pci 0000:00:00.0: Limiting direct PCI/PCI transfers
[    0.863223] pci 0000:00:01.0: Activating ISA DMA hang workarounds
[    0.868641] pci 0000:00:02.0: Video device with shadowed ROM at [mem 0x000c0000-0x000dffff]
[    0.876241] Unpacking initramfs...
[    2.251456] Freeing initrd memory: 19532K
[    2.254891] clocksource: tsc: mask: 0xffffffffffffffff max_cycles: 0x1872aa7eed8, max_idle_ns: 440795242723 ns
[    2.261904] platform rtc_cmos: registered platform RTC device (no PNP device found)
[    2.267730] Scanning for low memory corruption every 60 seconds
[    2.273682] Initialise system trusted keyrings
[    2.277167] Key type blacklist registered
[    2.279990] workingset: timestamp_bits=36 max_order=18 bucket_order=0
[    2.290192] zbud: loaded
[    2.295194] squashfs: version 4.0 (2009/01/31) Phillip Lougher
[    2.300896] fuse init (API version 7.26)
[    2.310585] Key type asymmetric registered
[    2.313399] Asymmetric key parser 'x509' registered
[    2.316598] Block layer SCSI generic (bsg) driver version 0.4 loaded (major 246)
[    2.321718] io scheduler noop registered
[    2.324872] io scheduler deadline registered
[    2.328154] io scheduler cfq registered (default)
[    2.332628] ACPI: AC Adapter [AC] (off-line)
[    2.336109] input: Power Button as /devices/LNXSYSTM:00/LNXPWRBN:00/input/input0
[    2.341895] ACPI: Power Button [PWRF]
[    2.345196] input: Sleep Button as /devices/LNXSYSTM:00/LNXSLPBN:00/input/input1
[    2.350937] ACPI: Sleep Button [SLPF]
[    2.358505] ACPI: Battery Slot [BAT0] (battery present)
[    2.362101] Serial: 8250/16550 driver, 32 ports, IRQ sharing enabled
[    2.389368] 00:02: ttyS0 at I/O 0x3f8 (irq = 4, base_baud = 115200) is a 16550A
[    2.403389] Linux agpgart interface v0.103
[    2.418119] loop: module loaded
[    2.422827] scsi host0: ata_piix
[    2.425982] scsi host1: ata_piix
[    2.428599] ata1: PATA max UDMA/33 cmd 0x1f0 ctl 0x3f6 bmdma 0xd000 irq 14
[    2.433277] ata2: PATA max UDMA/33 cmd 0x170 ctl 0x376 bmdma 0xd008 irq 15
[    2.438583] tun: Universal TUN/TAP device driver, 1.6
[    2.443032] PPP generic driver version 2.4.2
[    2.446631] ehci_hcd: USB 2.0 'Enhanced' Host Controller (EHCI) Driver
[    2.451146] ehci-pci: EHCI PCI platform driver
[    2.454693] ehci-platform: EHCI generic platform driver
[    2.458518] ohci_hcd: USB 1.1 'Open' Host Controller (OHCI) Driver
[    2.462885] ohci-pci: OHCI PCI platform driver
[    2.466646] ohci-platform: OHCI generic platform driver
[    2.470766] uhci_hcd: USB Universal Host Controller Interface driver
[    2.475173] i8042: PNP: PS/2 Controller [PNP0303:PS2K,PNP0f03:PS2M] at 0x60,0x64 irq 1,12
[    2.482458] serio: i8042 KBD port at 0x60,0x64 irq 1
[    2.486274] serio: i8042 AUX port at 0x60,0x64 irq 12
[    2.491207] mousedev: PS/2 mouse device common for all mice
[    2.544948] rtc_cmos rtc_cmos: rtc core: registered rtc_cmos as rtc0
[    2.549520] rtc_cmos rtc_cmos: alarms up to one day, 114 bytes nvram
[    2.553983] i2c /dev entries driver
[    2.556782] input: AT Translated Set 2 keyboard as /devices/platform/i8042/serio0/input/input2
[    2.563177] device-mapper: uevent: version 1.0.3
[    2.566928] device-mapper: ioctl: 4.37.0-ioctl (2017-09-20) initialised: dm-devel@redhat.com
[    2.573100] ledtrig-cpu: registered to indicate activity on CPUs
[    2.578598] NET: Registered protocol family 10
[    2.593608] Segment Routing with IPv6
[    2.596451] NET: Registered protocol family 17
[    2.634586] Key type dns_resolver registered
[    2.639247] mce: Using 0 MCE banks
[    2.642456] RAS: Correctable Errors collector initialized.
[    2.648476] sched_clock: Marking stable (2648412442, 0)->(3676615136, -1028202694)
[    2.656310] registered taskstats version 1
[    2.660096] Loading compiled-in X.509 certificates
[    2.672289] Loaded X.509 cert 'Build time autogenerated kernel key: ffc9dd3886e7b6bb89620497cc57c4262b59bc54'
[    2.683429] Loaded X.509 cert 'Canonical Ltd. Live Patch Signing: 14df34d1a87cf37625abec039ef2bf521249b969'
[    2.694090] Loaded X.509 cert 'Canonical Ltd. Kernel Module Signing: 88f752e560a1e0737e31163a466ad7b70a850c19'
[    2.703290] blacklist: Loading compiled-in revocation X.509 certificates
[    2.708792] Loaded X.509 cert 'Canonical Ltd. Secure Boot Signing: 61482aa2830d0ab2ad5af10b7250da9033ddcef0'
[    2.716702] zswap: loaded using pool lzo/zbud
[    2.731374] Key type big_key registered
[    2.734499] Key type trusted registered
[    2.742368] Key type encrypted registered
[    2.746047] AppArmor: AppArmor sha1 policy hashing enabled
[    2.750798] ima: No TPM chip found, activating TPM-bypass! (rc=-19)
[    2.756397] ima: Allocated hash algorithm: sha1
[    2.760361] evm: HMAC attrs: 0x1
[    2.764011]   Magic number: 14:727:113
[    2.767698] rtc_cmos rtc_cmos: setting system clock to 2022-11-28 05:06:58 UTC (1669612018)
[    2.775237] BIOS EDD facility v0.16 2004-Jun-25, 0 devices found
[    2.780313] EDD information not available.
[    2.803862] Freeing unused kernel image memory: 2472K
[    2.828940] Write protecting the kernel read-only data: 20480k
[    2.837219] Freeing unused kernel image memory: 2008K
[    2.843363] Freeing unused kernel image memory: 1824K
[    2.918345] x86/mm: Checked W+X mappings: passed, no W+X pages found.
[    2.922640] x86/mm: Checking user space page tables
[    2.989086] x86/mm: Checked W+X mappings: passed, no W+X pages found.
Loading, please wait...
starting version 237
[    3.250998] Fusion MPT base driver 3.04.20
[    3.255553] Copyright (c) 1999-2008 LSI Corporation
[    3.265393] e1000: Intel(R) PRO/1000 Network Driver - version 7.3.21-k8-NAPI
[    3.271413] e1000: Copyright (c) 1999-2006 Intel Corporation.
[    3.374757] AVX2 version of gcm_enc/dec engaged.
[    3.379203] AES CTR mode by8 optimization enabled
[    3.392367] Fusion MPT SPI Host driver 3.04.20
[    3.544772] input: ImExPS/2 Generic Explorer Mouse as /devices/platform/i8042/serio1/input/input4
[    4.207301] e1000 0000:00:03.0 eth0: (PCI:33MHz:32-bit) 02:1d:bb:88:d1:cb
[    4.211604] e1000 0000:00:03.0 eth0: Intel(R) PRO/1000 Network Connection
[    4.219592] e1000 0000:00:03.0 enp0s3: renamed from eth0
[    4.227641] mptbase: ioc0: Initiating bringup
[    4.325005] ioc0: LSI53C1030 A0: Capabilities={Initiator}
[    4.573138] scsi host2: ioc0: LSI53C1030 A0, FwRev=00000000h, Ports=1, MaxQ=256, IRQ=20
[    4.745903] scsi 2:0:0:0: Direct-Access     VBOX     HARDDISK         1.0  PQ: 0 ANSI: 5
[    4.784843] scsi target2:0:0: Beginning Domain Validation
[    4.792722] scsi target2:0:0: Domain Validation skipping write tests
[    4.796807] scsi target2:0:0: Ending Domain Validation
[    4.800401] scsi target2:0:0: asynchronous
[    4.804382] scsi 2:0:1:0: Direct-Access     VBOX     HARDDISK         1.0  PQ: 0 ANSI: 5
[    4.836710] scsi target2:0:1: Beginning Domain Validation
[    4.844523] scsi target2:0:1: Domain Validation skipping write tests
[    4.848679] scsi target2:0:1: Ending Domain Validation
[    4.852574] scsi target2:0:1: asynchronous
[    4.868493] sd 2:0:0:0: Attached scsi generic sg0 type 0
[    4.872639] sd 2:0:0:0: [sda] 83886080 512-byte logical blocks: (42.9 GB/40.0 GiB)
[    4.879000] sd 2:0:0:0: [sda] Write Protect is off
[    4.887992] sd 2:0:1:0: Attached scsi generic sg1 type 0
[    4.888862] sd 2:0:0:0: [sda] Incomplete mode parameter data
[    4.893137] sd 2:0:1:0: [sdb] 20480 512-byte logical blocks: (10.5 MB/10.0 MiB)
[    4.897738] sd 2:0:0:0: [sda] Assuming drive cache: write through
[    4.908789] sd 2:0:1:0: [sdb] Write Protect is off
[    4.912970] sd 2:0:1:0: [sdb] Incomplete mode parameter data
[    4.917000] sd 2:0:1:0: [sdb] Assuming drive cache: write through
[    4.970324]  sda: sda1
[    4.974358] sd 2:0:0:0: [sda] Attached SCSI disk
[    4.989813] sd 2:0:1:0: [sdb] Attached SCSI disk
Begin: Loading essential drivers ... [    8.196100] raid6: sse2x1   gen()  1415 MB/s
[    8.244197] raid6: sse2x1   xor()   889 MB/s
[    8.292102] raid6: sse2x2   gen()  3065 MB/s
[    8.340086] raid6: sse2x2   xor()  1429 MB/s
[    8.388096] raid6: sse2x4   gen()  3547 MB/s
[    8.436099] raid6: sse2x4   xor()  2073 MB/s
[    8.484109] raid6: avx2x1   gen()  2787 MB/s
[    8.532089] raid6: avx2x1   xor()  1551 MB/s
[    8.580105] raid6: avx2x2   gen()  5333 MB/s
[    8.628100] raid6: avx2x2   xor()  2733 MB/s
[    8.676091] raid6: avx2x4   gen()  7128 MB/s
[    8.724153] raid6: avx2x4   xor()  3132 MB/s
[    8.727967] raid6: using algorithm avx2x4 gen() 7128 MB/s
[    8.732411] raid6: .... xor() 3132 MB/s, rmw enabled
[    8.736327] raid6: using avx2x2 recovery algorithm
[    8.745422] xor: automatically using best checksumming function   avx       
[    8.755456] async_tx: api initialized (async)
done.
Begin: Running /scripts/init-premount ... done.
Begin: Mounting root file system ... Begin: Running /scripts/local-top ... done.
Begin: Running /scripts/local-premount ... [    8.956962] Btrfs loaded, crc32c=crc32c-intel
Scanning for Btrfs filesystems
done.
Warning: fsck not present, so skipping root file system
[    9.141902] EXT4-fs (sda1): mounted filesystem with ordered data mode. Opts: (null)
done.
Begin: Running /scripts/local-bottom ... done.
Begin: Running /scripts/init-bottom ... done.
[   10.304232] ip_tables: (C) 2000-2006 Netfilter Core Team
[   10.412245] systemd[1]: systemd 237 running in system mode. (+PAM +AUDIT +SELINUX +IMA +APPARMOR +SMACK +SYSVINIT +UTMP +LIBCRYPTSETUP +GCRYPT +GNUTLS +ACL +XZ +LZ4 +SECCOMP +BLKID +ELFUTILS +KMOD -IDN2 +IDN -PCRE2 default-hierarchy=hybrid)
[   10.426770] systemd[1]: Detected virtualization oracle.
[   10.430671] systemd[1]: Detected architecture x86-64.

Welcome to [1mUbuntu 18.04.6 LTS[0m!

[   10.493387] systemd[1]: Set hostname to <ubuntu>.
[   10.529823] systemd[1]: Initializing machine ID from random generator.
[   10.535096] systemd[1]: Installed transient /etc/machine-id file.
[   12.363337] systemd[1]: Created slice User and Session Slice.
[[0;32m  OK  [0m] Created slice User and Session Slice.
[   12.369871] systemd[1]: Reached target System Time Synchronized.
[[0;32m  OK  [0m] Reached target System Time Synchronized.
[   12.376661] systemd[1]: Started Forward Password Requests to Wall Directory Watch.
[[0;32m  OK  [0m] Started Forward Password Requests to Wall Directory Watch.
[   12.385831] systemd[1]: Created slice System Slice.
[[0;32m  OK  [0m] Created slice System Slice.
[[0;32m  OK  [0m] Listening on Journal Socket (/dev/log).
[[0;32m  OK  [0m] Listening on udev Kernel Socket.
[[0;32m  OK  [0m] Listening on LVM2 poll daemon socket.
[[0;32m  OK  [0m] Reached target Slices.
[[0;32m  OK  [0m] Listening on /dev/initctl Compatibility Named Pipe.
[[0;32m  OK  [0m] Listening on LVM2 metadata daemon socket.
[[0;32m  OK  [0m] Listening on udev Control Socket.
[[0;32m  OK  [0m] Created slice system-serial\x2dgetty.slice.
[[0;32m  OK  [0m] Listening on Device-mapper event daemon FIFOs.
[[0;32m  OK  [0m] Listening on Network Service Netlink Socket.
[[0;32m  OK  [0m] Listening on Journal Socket.
         Starting Create list of required stâ€¦ce nodes for the current kernel...
         Starting Set the console keyboard layout...
         Starting udev Coldplug all Devices...
         Mounting Kernel Debug File System...
         Starting Monitoring of LVM2 mirrorsâ€¦ng dmeventd or progress polling...
         Starting Uncomplicated firewall...
[[0;32m  OK  [0m] Listening on Syslog Socket.
[[0;32m  OK  [0m] Listening on Journal Audit Socket.
         Starting Journal Service...
         Starting Load Kernel Modules...
         Mounting Huge Pages File System...
[[0;32m  OK  [0m] Reached target Swap.
         Mounting POSIX Message Queue File System...
[[0;32m  OK  [0m] Reached target User and Group Name Lookups.
[[0;32m  OK  [0m] Set up automount Arbitrary Executabâ€¦rmats File System Automount Point.
[[0;32m  OK  [0m] Listening on fsck to fsckd communication Socket.
         Starting File System Check on Root Device...
[[0;32m  OK  [0m] Started Create list of required staâ€¦vice nodes for the current kernel.
[[0;32m  OK  [0m] Mounted Kernel Debug File System.
[[0;32m  OK  [0m] Started Uncomplicated firewall.
[[0;32m  OK  [0m] Mounted Huge Pages File System.
[[0;32m  OK  [0m] Mounted POSIX Message Queue File System.
         Starting Create Static Device Nodes in /dev...
[[0;32m  OK  [0m] Started Journal Service.
[[0;32m  OK  [0m] Started udev Coldplug all Devices.
[[0;32m  OK  [0m] Started File System Check Daemon to report status.
[   13.204156] Loading iSCSI transport class v2.0-870.
[[0;32m  OK  [0m] Started LVM2 metadata daemon.
[   13.392249] iscsi: registered transport (tcp)
[[0;32m  OK  [0m] Started Create Static Device Nodes in /dev.
[[0;32m  OK  [0m] Started File System Check on Root Device.
         Starting Remount Root and Kernel File Systems...
[[0;32m  OK  [0m] Started Monitoring of LVM2 mirrors,â€¦sing dmeventd or progress polling.
[   13.749083] iscsi: registered transport (iser)
[[0;32m  OK  [0m] Started Load Kernel Modules.
         Mounting FUSE Control File System...
         Starting Apply Kernel Variables...
         Mounting Kernel Configuration File System...
[[0;32m  OK  [0m] Mounted FUSE Control File System.
[[0;32m  OK  [0m] Mounted Kernel Configuration File System.
[   13.816470] EXT4-fs (sda1): re-mounted. Opts: (null)
[[0;32m  OK  [0m] Started Remount Root and Kernel File Systems.
         Starting Load/Save Random Seed...
         Starting Flush Journal to Persistent Storage...
         Starting udev Kernel Device Manager...
[[0;32m  OK  [0m] Started Load/Save Random Seed.
[[0;32m  OK  [0m] Started Apply Kernel Variables.
[[0;32m  OK  [0m] Started Flush Journal to Persistent Storage.
[[0;32m  OK  [0m] Started udev Kernel Device Manager.
[[0;32m  OK  [0m] Found device /dev/ttyS0.
[[0;32m  OK  [0m] Listening on Load/Save RF Kill Switch Status /dev/rfkill Watch.
         Mounting Arbitrary Executable File Formats File System...
[[0;32m  OK  [0m] Mounted Arbitrary Executable File Formats File System.
[[0;32m  OK  [0m] Started Set the console keyboard layout.
[[0;32m  OK  [0m] Started Dispatch Password Requests to Console Directory Watch.
[[0;32m  OK  [0m] Reached target Local Encrypted Volumes.
[[0;32m  OK  [0m] Reached target Local File Systems (Pre).
[[0;32m  OK  [0m] Reached target Local File Systems.
         Starting ebtables ruleset management...
         Starting Commit a transient machine-id on disk...
         Starting Create Volatile Files and Directories...
         Starting Tell Plymouth To Write Out Runtime Data...
         Starting Set console font and keymap...
         Starting AppArmor initialization...
[[0;32m  OK  [0m] Started Tell Plymouth To Write Out Runtime Data.
[[0;32m  OK  [0m] Started Create Volatile Files and Directories.
         Starting Update UTMP about System Boot/Shutdown...
[[0;32m  OK  [0m] Started Commit a transient machine-id on disk.
[[0;32m  OK  [0m] Started Update UTMP about System Boot/Shutdown.
[[0;32m  OK  [0m] Started ebtables ruleset management.
[[0;32m  OK  [0m] Started Set console font and keymap.
[[0;32m  OK  [0m] Started AppArmor initialization.
         Starting Load AppArmor profiles managed internally by snapd...
         Starting Initial cloud-init job (pre-networking)...
[[0;32m  OK  [0m] Started Load AppArmor profiles managed internally by snapd.
[   32.552479] cloud-init[861]: Cloud-init v. 22.3.4-0ubuntu1~18.04.1 running 'init-local' at Mon, 28 Nov 2022 05:07:26 +0000. Up 31.08 seconds.
[[0;32m  OK  [0m] Started Initial cloud-init job (pre-networking).
[[0;32m  OK  [0m] Reached target Network (Pre).
         Starting Network Service...
[[0;32m  OK  [0m] Started Network Service.
         Starting Wait for Network to be Configured...
         Starting Network Name Resolution...
[[0;32m  OK  [0m] Started Network Name Resolution.
[[0;32m  OK  [0m] Reached target Host and Network Name Lookups.
[[0;32m  OK  [0m] Reached target Network.
[[0;32m  OK  [0m] Started Wait for Network to be Configured.
         Starting Initial cloud-init job (metadata service crawler)...
[   37.158142] cloud-init[982]: Cloud-init v. 22.3.4-0ubuntu1~18.04.1 running 'init' at Mon, 28 Nov 2022 05:07:32 +0000. Up 36.34 seconds.
[   37.165946] cloud-init[982]: ci-info: ++++++++++++++++++++++++++++++++++++++Net device info++++++++++++++++++++++++++++++++++++++
[   37.173011] cloud-init[982]: ci-info: +--------+------+----------------------------+---------------+--------+-------------------+
[   37.180463] cloud-init[982]: ci-info: | Device |  Up  |          Address           |      Mask     | Scope  |     Hw-Address    |
[   37.187278] cloud-init[982]: ci-info: +--------+------+----------------------------+---------------+--------+-------------------+
[   37.194263] cloud-init[982]: ci-info: | enp0s3 | True |         10.0.2.15          | 255.255.255.0 | global | 02:1d:bb:88:d1:cb |
[   37.200958] cloud-init[982]: ci-info: | enp0s3 | True | fe80::1d:bbff:fe88:d1cb/64 |       .       |  link  | 02:1d:bb:88:d1:cb |
[   37.207306] cloud-init[982]: ci-info: |   lo   | True |         127.0.0.1          |   255.0.0.0   |  host  |         .         |
[   37.212909] cloud-init[982]: ci-info: |   lo   | True |          ::1/128           |       .       |  host  |         .         |
[   37.219355] cloud-init[982]: ci-info: +--------+------+----------------------------+---------------+--------+-------------------+
[   37.226332] cloud-init[982]: ci-info: ++++++++++++++++++++++++++++Route IPv4 info+++++++++++++++++++++++++++++
[   37.231987] cloud-init[982]: ci-info: +-------+-------------+----------+-----------------+-----------+-------+
[   37.237729] cloud-init[982]: ci-info: | Route | Destination | Gateway  |     Genmask     | Interface | Flags |
[   37.243317] cloud-init[982]: ci-info: +-------+-------------+----------+-----------------+-----------+-------+
[   37.249020] cloud-init[982]: ci-info: |   0   |   0.0.0.0   | 10.0.2.2 |     0.0.0.0     |   enp0s3  |   UG  |
[   37.254994] cloud-init[982]: ci-info: |   1   |   10.0.2.0  | 0.0.0.0  |  255.255.255.0  |   enp0s3  |   U   |
[   37.260786] cloud-init[982]: ci-info: |   2   |   10.0.2.2  | 0.0.0.0  | 255.255.255.255 |   enp0s3  |   UH  |
[   37.267093] cloud-init[982]: ci-info: +-------+-------------+----------+-----------------+-----------+-------+
[   37.273445] cloud-init[982]: ci-info: +++++++++++++++++++Route IPv6 info+++++++++++++++++++
[   37.279368] cloud-init[982]: ci-info: +-------+-------------+---------+-----------+-------+
[   37.285025] cloud-init[982]: ci-info: | Route | Destination | Gateway | Interface | Flags |
[   37.300543] cloud-init[982]: ci-info: +-------+-------------+---------+-----------+-------+
[   37.305982] cloud-init[982]: ci-info: |   1   |  fe80::/64  |    ::   |   enp0s3  |   U   |
[   37.310964] cloud-init[982]: ci-info: |   3   |    local    |    ::   |   enp0s3  |   U   |
[   37.316484] cloud-init[982]: ci-info: |   4   |   ff00::/8  |    ::   |   enp0s3  |   U   |
[   37.321815] cloud-init[982]: ci-info: +-------+-------------+---------+-----------+-------+
[   40.551267] cloud-init[982]: Generating public/private rsa key pair.
[   40.564907] cloud-init[982]: Your identification has been saved in /etc/ssh/ssh_host_rsa_key.
[   40.570917] cloud-init[982]: Your public key has been saved in /etc/ssh/ssh_host_rsa_key.pub.
[   40.583790] cloud-init[982]: The key fingerprint is:
[   40.592481] cloud-init[982]: SHA256:OLnlttHxTq8dYBOo0dgYqXZAVmNLKg6ymQGDcsG4vtQ root@ubuntu-bionic
[   40.597324] cloud-init[982]: The key's randomart image is:
[   40.600551] cloud-init[982]: +---[RSA 2048]----+
[   40.603373] cloud-init[982]: |+o.. .o.*.       |
[   40.606315] cloud-init[982]: |=.o  ..+.O .     |
[   40.609138] cloud-init[982]: |+o. . .o= + .    |
[   40.611913] cloud-init[982]: |.* o .oo.o   .   |
[   40.614805] cloud-init[982]: |= . ..+.S . +    |
[   40.617516] cloud-init[982]: | o E   = . + o   |
[   40.619868] cloud-init[982]: |. .   . + . o .  |
[   40.623257] cloud-init[982]: | .     . o o o . |
[   40.626249] cloud-init[982]: |        .   o.o  |
[   40.628929] cloud-init[982]: +----[SHA256]-----+
[   40.631639] cloud-init[982]: Generating public/private dsa key pair.
[   40.635080] cloud-init[982]: Your identification has been saved in /etc/ssh/ssh_host_dsa_key.
[   40.639381] cloud-init[982]: Your public key has been saved in /etc/ssh/ssh_host_dsa_key.pub.
[   40.643902] cloud-init[982]: The key fingerprint is:
[   40.646782] cloud-init[982]: SHA256:EfKXMdoPRmb7D16Xi1W23Oo9zaG42bDVsAimVHOduLY root@ubuntu-bionic
[   40.651672] cloud-init[982]: The key's randomart image is:
[   40.654484] cloud-init[982]: +---[DSA 1024]----+
[   40.657193] cloud-init[982]: |      . . *      |
[   40.659840] cloud-init[982]: |       o B =o .  |
[   40.662859] cloud-init[982]: |        +oBo o  o|
[   40.666074] cloud-init[982]: |        .+o+. ..=|
[   40.684450] cloud-init[982]: |       .So o+..=o|
[   40.687345] cloud-init[982]: |      . o o.o+*+.|
[   40.690351] cloud-init[982]: |       .   Eo+++o|
[   40.692797] cloud-init[982]: |           .*o oo|
[   40.695689] cloud-init[982]: |           +... o|
[   40.698701] cloud-init[982]: +----[SHA256]-----+
[   40.712489] cloud-init[982]: Generating public/private ecdsa key pair.
[   40.716377] cloud-init[982]: Your identification has been saved in /etc/ssh/ssh_host_ecdsa_key.
[   40.721489] cloud-init[982]: Your public key has been saved in /etc/ssh/ssh_host_ecdsa_key.pub.
[   40.726380] cloud-init[982]: The key fingerprint is:
[   40.729364] cloud-init[982]: SHA256:TtaGPZFCv8mOZLCepOfwj5aypITrCVlvtd8N6bZx8uw root@ubuntu-bionic
[   40.734495] cloud-init[982]: The key's randomart image is:
[   40.737758] cloud-init[982]: +---[ECDSA 256]---+
[   40.740167] cloud-init[982]: |        .        |
[   40.742774] cloud-init[982]: |       . . .     |
[   40.756491] cloud-init[982]: |      . . +      |
[   40.772468] cloud-init[982]: |       o * +     |
[   40.775524] cloud-init[982]: |  .   + S O      |
[   40.778221] cloud-init[982]: | + . = O + o     |
[   40.781087] cloud-init[982]: |+ . * =.o * .    |
[   40.783866] cloud-init[982]: |.o.+.=oo o.O     |
[   40.787240] cloud-init[982]: |oo. .++.o.+oE    |
[   40.789801] cloud-init[982]: +----[SHA256]-----+
[   40.792693] cloud-init[982]: Generating public/private ed25519 key pair.
[   40.796729] cloud-init[982]: Your identification has been saved in /etc/ssh/ssh_host_ed25519_key.
[   40.801615] cloud-init[982]: Your public key has been saved in /etc/ssh/ssh_host_ed25519_key.pub.
[   40.806098] cloud-init[982]: The key fingerprint is:
[   40.809040] cloud-init[982]: SHA256:B0BgRbcPZrmcKLlVEELCkM08cIHzyxKURObzBYhXi8g root@ubuntu-bionic
[   40.813681] cloud-init[982]: The key's randomart image is:
[   40.816871] cloud-init[982]: +--[ED25519 256]--+
[   40.819805] cloud-init[982]: |*&*=*=B..        |
[   40.822736] cloud-init[982]: |O*B+.o + o       |
[   40.825685] cloud-init[982]: |oE....  O        |
[   40.828499] cloud-init[982]: |. + .. * *       |
[   40.831307] cloud-init[982]: | o oo o S o      |
[   40.833895] cloud-init[982]: |. o  +   .       |
[   40.836491] cloud-init[982]: | .  .            |
[   40.839359] cloud-init[982]: |                 |
[   40.842279] cloud-init[982]: |                 |
[   40.844723] cloud-init[982]: +----[SHA256]-----+
[[0;32m  OK  [0m] Started Initial cloud-init job (metadata service crawler).
[[0;32m  OK  [0m] Reached target System Initialization.
[[0;32m  OK  [0m] Listening on UUID daemon activation socket.
[[0;32m  OK  [0m] Started ACPI Events Check.
[[0;32m  OK  [0m] Reached target Paths.
         Starting LXD - unix socket.
[[0;32m  OK  [0m] Listening on ACPID Listen Socket.
[[0;32m  OK  [0m] Listening on D-Bus System Message Bus Socket.
[[0;32m  OK  [0m] Started Message of the Day.
[[0;32m  OK  [0m] Started Ubuntu Advantage Timer for running repeated jobs.
[[0;32m  OK  [0m] Listening on Open-iSCSI iscsid Socket.
[[0;32m  OK  [0m] Started Daily Cleanup of Temporary Directories.
[[0;32m  OK  [0m] Started Discard unused blocks once a week.
[[0;32m  OK  [0m] Listening on cloud-init hotplug hook socket.
[[0;32m  OK  [0m] Started Daily apt download activities.
         Starting Socket activation for snappy daemon.
[[0;32m  OK  [0m] Started Daily apt upgrade and clean activities.
[[0;32m  OK  [0m] Reached target Timers.
[[0;32m  OK  [0m] Reached target Cloud-config availability.
[[0;32m  OK  [0m] Reached target Network is Online.
         Starting Availability of block devices...
[[0;32m  OK  [0m] Reached target Remote File Systems (Pre).
[[0;32m  OK  [0m] Reached target Remote File Systems.
[[0;32m  OK  [0m] Listening on LXD - unix socket.
[[0;32m  OK  [0m] Listening on Socket activation for snappy daemon.
[[0;32m  OK  [0m] Reached target Sockets.
[[0;32m  OK  [0m] Reached target Basic System.
         Starting Login Service...
         Starting Virtualbox guest utils...
[[0;32m  OK  [0m] Started Deferred execution scheduler.
         Starting LXD - container startup/shutdown...
         Starting Dispatcher daemon for systemd-networkd...
         Starting LSB: Record successful boot for GRUB...
[[0;32m  OK  [0m] Started Regular background program processing daemon.
         Starting System Logging Service...
         Starting LSB: automatic crash report generation...
         Starting Snap Daemon...
[[0;32m  OK  [0m] Started irqbalance daemon.
         Starting Permit User Sessions...
[[0;32m  OK  [0m] Started D-Bus System Message Bus.
[[0;32m  OK  [0m] Started Login Service.
         Starting Pollinate to seed the pseudo random number generator...
[[0;32m  OK  [0m] Reached target Login Prompts (Pre).
[[0;32m  OK  [0m] Started FUSE filesystem for LXC.
         Starting Accounts Service...
[[0;32m  OK  [0m] Started Unattended Upgrades Shutdown.
[[0;32m  OK  [0m] Started System Logging Service.
[[0;32m  OK  [0m] Started Availability of block devices.
[[0;32m  OK  [0m] Started Permit User Sessions.
         Starting Hold until boot process finishes up...
         Starting Terminate Plymouth Boot Screen...
[[0;32m  OK  [0m] Started Hold until boot process finishes up.
         Starting Set console scheme...
[[0;32m  OK  [0m] Started Serial Getty on ttyS0.
[[0;32m  OK  [0m] Started Terminate Plymouth Boot Screen.
[[0;32m  OK  [0m] Started LSB: automatic crash report generation.
[[0;32m  OK  [0m] Started Set console scheme.
[[0;32m  OK  [0m] Created slice system-getty.slice.
[[0;32m  OK  [0m] Started Getty on tty1.
[[0;32m  OK  [0m] Reached target Login Prompts.
[[0;32m  OK  [0m] Started Dispatcher daemon for systemd-networkd.
         Starting Authorization Manager...
[[0;32m  OK  [0m] Started LSB: Record successful boot for GRUB.
[[0;32m  OK  [0m] Started Authorization Manager.
[[0;32m  OK  [0m] Started Accounts Service.
[[0;32m  OK  [0m] Started Virtualbox guest utils.
[[0;32m  OK  [0m] Started LXD - container startup/shutdown.
[[0;32m  OK  [0m] Started Snap Daemon.
         Starting Wait until snapd is fully seeded...
         Starting Time & Date Service...

Ubuntu 18.04.6 LTS ubuntu-bionic ttyS0

ubuntu-bionic login: [   58.218680] cloud-init[1539]: Cloud-init v. 22.3.4-0ubuntu1~18.04.1 running 'modules:config' at Mon, 28 Nov 2022 05:07:50 +0000. Up 54.71 seconds.
ci-info: no authorized SSH keys fingerprints found for user ubuntu.
<14>Nov 28 05:07:57 cloud-init: #############################################################
<14>Nov 28 05:07:57 cloud-init: -----BEGIN SSH HOST KEY FINGERPRINTS-----
<14>Nov 28 05:07:57 cloud-init: 1024 SHA256:EfKXMdoPRmb7D16Xi1W23Oo9zaG42bDVsAimVHOduLY root@ubuntu-bionic (DSA)
<14>Nov 28 05:07:57 cloud-init: 256 SHA256:TtaGPZFCv8mOZLCepOfwj5aypITrCVlvtd8N6bZx8uw root@ubuntu-bionic (ECDSA)
<14>Nov 28 05:07:57 cloud-init: 256 SHA256:B0BgRbcPZrmcKLlVEELCkM08cIHzyxKURObzBYhXi8g root@ubuntu-bionic (ED25519)
<14>Nov 28 05:07:57 cloud-init: 2048 SHA256:OLnlttHxTq8dYBOo0dgYqXZAVmNLKg6ymQGDcsG4vtQ root@ubuntu-bionic (RSA)
<14>Nov 28 05:07:57 cloud-init: -----END SSH HOST KEY FINGERPRINTS-----
<14>Nov 28 05:07:57 cloud-init: #############################################################
-----BEGIN SSH HOST KEY KEYS-----
ecdsa-sha2-nistp256 AAAAE2VjZHNhLXNoYTItbmlzdHAyNTYAAAAIbmlzdHAyNTYAAABBBBbPNMbenfPr6vpTRy8ZDZ2/2GVNpBEPVshdKcfsC4616Pn8uqXyeDxsiXHKpty/YuhXBL+Ct+0VrcE7FXyroTM= root@ubuntu-bionic
ssh-ed25519 AAAAC3NzaC1lZDI1NTE5AAAAIMAsPDFSe2QglEWm2R1geABjwCByPph6/CY0pR2tX40f root@ubuntu-bionic
ssh-rsa AAAAB3NzaC1yc2EAAAADAQABAAABAQCkM1jTCmWELyvHfqv8GDZKvOHyHFslREVd/62CilZKISePkaFgjq4l0R15i0oXjGtKduHrmFb+nIfS2JnK/yU+cxdI5eTfBMmluzwdOe96BzXe6kTl7ckkgIw+n/mU7/Ir8UI3aPX7jHeaUBzrtEu4iLBaxM0S+axuaEhk6ECLm81jep05eqilgQXJKkaOVBRw83DtWGfLRGTuKxWFThZQQg54pfUvT6ParAmSzssuR4qpwnH7muRU21JkAKne3xk3RE33y5RHlA0rBVELSEfUshJqhrVOAa5V/c1c+d0ivrm4iS/BjDR1Jgx8FO7uWhEHbktqX1NE7V4+ramaqJ45 root@ubuntu-bionic
-----END SSH HOST KEY KEYS-----
[   62.258213] cloud-init[1731]: Cloud-init v. 22.3.4-0ubuntu1~18.04.1 running 'modules:final' at Mon, 28 Nov 2022 05:07:56 +0000. Up 61.11 seconds.
[   62.258507] cloud-init[1731]: Cloud-init v. 22.3.4-0ubuntu1~18.04.1 finished at Mon, 28 Nov 2022 05:07:57 +0000. Datasource DataSourceNoCloud [seed=/dev/sdb][dsmode=net].  Up 62.19 seconds
